V3 12
FL /fs02/share/users/alperen.aydin/home/TPElec/ELN1/Pong/compteur_11bits.vhd 2015/03/20.12:09:10 P.20131013
EN work/compteur_11bits 1426849756 \
      FL /fs02/share/users/alperen.aydin/home/TPElec/ELN1/Pong/compteur_11bits.vhd \
      PB ieee/std_logic_1164 1381692176 PB ieee/STD_LOGIC_UNSIGNED 1381692179
AR work/compteur_11bits/Behavioral 1426849757 \
      FL /fs02/share/users/alperen.aydin/home/TPElec/ELN1/Pong/compteur_11bits.vhd \
      EN work/compteur_11bits 1426849756
FL /fs02/share/users/alperen.aydin/home/TPElec/ELN1/Pong/falling_edge_detector.vhd 2015/03/20.11:32:31 P.20131013
EN work/falling_edge_detector 1426847562 \
      FL /fs02/share/users/alperen.aydin/home/TPElec/ELN1/Pong/falling_edge_detector.vhd \
      PB ieee/std_logic_1164 1381692176
AR work/falling_edge_detector/Behavioral 1426847563 \
      FL /fs02/share/users/alperen.aydin/home/TPElec/ELN1/Pong/falling_edge_detector.vhd \
      EN work/falling_edge_detector 1426847562
FL /fs02/share/users/alperen.aydin/home/TPElec/ELN1/Pong/registre_PP_11x7bits.vhd 2015/03/20.11:51:59 P.20131013
EN work/registre_PP_11x7bits 1426848778 \
      FL /fs02/share/users/alperen.aydin/home/TPElec/ELN1/Pong/registre_PP_11x7bits.vhd \
      PB ieee/std_logic_1164 1381692176
AR work/registre_PP_11x7bits/Behavioral 1426848779 \
      FL /fs02/share/users/alperen.aydin/home/TPElec/ELN1/Pong/registre_PP_11x7bits.vhd \
      EN work/registre_PP_11x7bits 1426848778
FL /fs02/share/users/alperen.aydin/home/TPElec/ELN1/Pong/registre_SP_11bits.vhd 2015/03/20.10:42:09 P.20131013
EN work/registre_SP_11bits 1426848365 \
      FL /fs02/share/users/alperen.aydin/home/TPElec/ELN1/Pong/registre_SP_11bits.vhd \
      PB ieee/std_logic_1164 1381692176
AR work/registre_SP_11bits/Behavioral 1426848366 \
      FL /fs02/share/users/alperen.aydin/home/TPElec/ELN1/Pong/registre_SP_11bits.vhd \
      EN work/registre_SP_11bits 1426848365
